// Jest Snapshot v1, https://goo.gl/fbAQLP

exports[`App smoke test opens up 1`] = `
<div
  className="App"
>
  <header
    className="App-header"
  >
    <div
      className="header-text"
    >
      Great ticket viewer
    </div>
  </header>
  <div
    className="table-container"
  >
    <table
      role="table"
    >
      <thead>
        <tr
          role="row"
        >
          <th
            colSpan={1}
            role="columnheader"
          >
            Subject
          </th>
          <th
            colSpan={1}
            role="columnheader"
          >
            Status
          </th>
          <th
            colSpan={1}
            role="columnheader"
          >
            Created At
          </th>
          <th
            colSpan={1}
            role="columnheader"
          >
            Updated At
          </th>
        </tr>
      </thead>
      <tbody
        role="rowgroup"
      />
    </table>
  </div>
  <div
    className="paging-cont"
  >
    <button
      className="btn-base btn-prm btn-sq paging-btn"
      onClick={[Function]}
    >
      &lt;
    </button>
    <button
      className="btn-base btn-prm btn-sq paging-btn"
      onClick={[Function]}
    >
      &gt;
    </button>
  </div>
</div>
`;
